Archive member included because of file (symbol)

c:/winavr-20100110/bin/../lib/gcc/avr/4.3.3/avr5\libgcc.a(_mulsi3.o)
                              ./LCD.o (__mulsi3)
c:/winavr-20100110/bin/../lib/gcc/avr/4.3.3/avr5\libgcc.a(_udivmodsi4.o)
                              ./LCD.o (__udivmodsi4)
c:/winavr-20100110/bin/../lib/gcc/avr/4.3.3/avr5\libgcc.a(_exit.o)
                              c:/winavr-20100110/bin/../lib/gcc/avr/4.3.3/../../../../avr/lib/avr5/crtm32.o (exit)
c:/winavr-20100110/bin/../lib/gcc/avr/4.3.3/avr5\libgcc.a(_copy_data.o)
                              ./RTOS_LAB1_ATMEGA32.o (__do_copy_data)
c:/winavr-20100110/bin/../lib/gcc/avr/4.3.3/avr5\libgcc.a(_clear_bss.o)
                              ./RTOS_LAB1_ATMEGA32.o (__do_clear_bss)
c:/winavr-20100110/bin/../lib/gcc/avr/4.3.3/../../../../avr/lib/avr5\libc.a(malloc.o)
                              ./heap_3.o (malloc)
c:/winavr-20100110/bin/../lib/gcc/avr/4.3.3/../../../../avr/lib/avr5\libc.a(memcpy.o)
                              ./queue.o (memcpy)
c:/winavr-20100110/bin/../lib/gcc/avr/4.3.3/../../../../avr/lib/avr5\libc.a(memset.o)
                              ./tasks.o (memset)
c:/winavr-20100110/bin/../lib/gcc/avr/4.3.3/../../../../avr/lib/avr5\libc.a(strncpy.o)
                              ./tasks.o (strncpy)

Allocating common symbols
Common symbol       size              file

__brkval            0x2               c:/winavr-20100110/bin/../lib/gcc/avr/4.3.3/../../../../avr/lib/avr5\libc.a(malloc.o)
__flp               0x2               c:/winavr-20100110/bin/../lib/gcc/avr/4.3.3/../../../../avr/lib/avr5\libc.a(malloc.o)
mutex1              0x2               ./RTOS_LAB1_ATMEGA32.o

Memory Configuration

Name             Origin             Length             Attributes
text             0x00000000         0x00020000         xr
data             0x00800060         0x0000ffa0         rw !x
eeprom           0x00810000         0x00010000         rw !x
fuse             0x00820000         0x00000400         rw !x
lock             0x00830000         0x00000400         rw !x
signature        0x00840000         0x00000400         rw !x
*default*        0x00000000         0xffffffff

Linker script and memory map

LOAD c:/winavr-20100110/bin/../lib/gcc/avr/4.3.3/../../../../avr/lib/avr5/crtm32.o
LOAD ./DIO.o
LOAD ./LCD.o
LOAD ./RTOS_LAB1_ATMEGA32.o
LOAD ./croutine.o
LOAD ./heap_3.o
LOAD ./lcd_4bit.o
LOAD ./list.o
LOAD ./port.o
LOAD ./queue.o
LOAD ./tasks.o
LOAD ./timers.o
LOAD c:/winavr-20100110/bin/../lib/gcc/avr/4.3.3/avr5\libgcc.a
LOAD c:/winavr-20100110/bin/../lib/gcc/avr/4.3.3/../../../../avr/lib/avr5\libc.a
LOAD c:/winavr-20100110/bin/../lib/gcc/avr/4.3.3/avr5\libgcc.a

.hash
 *(.hash)

.dynsym
 *(.dynsym)

.dynstr
 *(.dynstr)

.gnu.version
 *(.gnu.version)

.gnu.version_d
 *(.gnu.version_d)

.gnu.version_r
 *(.gnu.version_r)

.rel.init
 *(.rel.init)

.rela.init
 *(.rela.init)

.rel.text
 *(.rel.text)
 *(.rel.text.*)
 *(.rel.gnu.linkonce.t*)

.rela.text
 *(.rela.text)
 *(.rela.text.*)
 *(.rela.gnu.linkonce.t*)

.rel.fini
 *(.rel.fini)

.rela.fini
 *(.rela.fini)

.rel.rodata
 *(.rel.rodata)
 *(.rel.rodata.*)
 *(.rel.gnu.linkonce.r*)

.rela.rodata
 *(.rela.rodata)
 *(.rela.rodata.*)
 *(.rela.gnu.linkonce.r*)

.rel.data
 *(.rel.data)
 *(.rel.data.*)
 *(.rel.gnu.linkonce.d*)

.rela.data
 *(.rela.data)
 *(.rela.data.*)
 *(.rela.gnu.linkonce.d*)

.rel.ctors
 *(.rel.ctors)

.rela.ctors
 *(.rela.ctors)

.rel.dtors
 *(.rel.dtors)

.rela.dtors
 *(.rela.dtors)

.rel.got
 *(.rel.got)

.rela.got
 *(.rela.got)

.rel.bss
 *(.rel.bss)

.rela.bss
 *(.rela.bss)

.rel.plt
 *(.rel.plt)

.rela.plt
 *(.rela.plt)

.text           0x00000000     0x21c8
 *(.vectors)
 .vectors       0x00000000       0x54 c:/winavr-20100110/bin/../lib/gcc/avr/4.3.3/../../../../avr/lib/avr5/crtm32.o
                0x00000000                __vectors
                0x00000000                __vector_default
 *(.vectors)
 *(.progmem.gcc*)
 *(.progmem*)
                0x00000054                . = ALIGN (0x2)
                0x00000054                __trampolines_start = .
 *(.trampolines)
 .trampolines   0x00000054        0x0 linker stubs
 *(.trampolines*)
                0x00000054                __trampolines_end = .
 *(.jumptables)
 *(.jumptables*)
 *(.lowtext)
 *(.lowtext*)
                0x00000054                __ctors_start = .
 *(.ctors)
                0x00000054                __ctors_end = .
                0x00000054                __dtors_start = .
 *(.dtors)
                0x00000054                __dtors_end = .
 SORT(*)(.ctors)
 SORT(*)(.dtors)
 *(.init0)
 .init0         0x00000054        0x0 c:/winavr-20100110/bin/../lib/gcc/avr/4.3.3/../../../../avr/lib/avr5/crtm32.o
                0x00000054                __init
 *(.init0)
 *(.init1)
 *(.init1)
 *(.init2)
 .init2         0x00000054        0xc c:/winavr-20100110/bin/../lib/gcc/avr/4.3.3/../../../../avr/lib/avr5/crtm32.o
 *(.init2)
 *(.init3)
 *(.init3)
 *(.init4)
 .init4         0x00000060       0x16 c:/winavr-20100110/bin/../lib/gcc/avr/4.3.3/avr5\libgcc.a(_copy_data.o)
                0x00000060                __do_copy_data
 .init4         0x00000076       0x10 c:/winavr-20100110/bin/../lib/gcc/avr/4.3.3/avr5\libgcc.a(_clear_bss.o)
                0x00000076                __do_clear_bss
 *(.init4)
 *(.init5)
 *(.init5)
 *(.init6)
 *(.init6)
 *(.init7)
 *(.init7)
 *(.init8)
 *(.init8)
 *(.init9)
 .init9         0x00000086        0x8 c:/winavr-20100110/bin/../lib/gcc/avr/4.3.3/../../../../avr/lib/avr5/crtm32.o
 *(.init9)
 *(.text)
 .text          0x0000008e        0x4 c:/winavr-20100110/bin/../lib/gcc/avr/4.3.3/../../../../avr/lib/avr5/crtm32.o
                0x0000008e                __vector_1
                0x0000008e                __vector_12
                0x0000008e                __bad_interrupt
                0x0000008e                __vector_6
                0x0000008e                __vector_3
                0x0000008e                __vector_11
                0x0000008e                __vector_13
                0x0000008e                __vector_17
                0x0000008e                __vector_19
                0x0000008e                __vector_5
                0x0000008e                __vector_4
                0x0000008e                __vector_9
                0x0000008e                __vector_2
                0x0000008e                __vector_15
                0x0000008e                __vector_8
                0x0000008e                __vector_14
                0x0000008e                __vector_10
                0x0000008e                __vector_16
                0x0000008e                __vector_18
                0x0000008e                __vector_20
 .text          0x00000092        0x0 ./DIO.o
 .text          0x00000092        0x0 ./LCD.o
 .text          0x00000092        0x0 ./RTOS_LAB1_ATMEGA32.o
 .text          0x00000092        0x0 ./croutine.o
 .text          0x00000092        0x0 ./heap_3.o
 .text          0x00000092        0x0 ./lcd_4bit.o
 .text          0x00000092        0x0 ./list.o
 .text          0x00000092        0x0 ./port.o
 .text          0x00000092        0x0 ./queue.o
 .text          0x00000092        0x0 ./tasks.o
 .text          0x00000092        0x0 ./timers.o
 .text          0x00000092        0x0 c:/winavr-20100110/bin/../lib/gcc/avr/4.3.3/avr5\libgcc.a(_mulsi3.o)
 .text          0x00000092        0x0 c:/winavr-20100110/bin/../lib/gcc/avr/4.3.3/avr5\libgcc.a(_udivmodsi4.o)
 .text          0x00000092        0x0 c:/winavr-20100110/bin/../lib/gcc/avr/4.3.3/avr5\libgcc.a(_exit.o)
 .text          0x00000092        0x0 c:/winavr-20100110/bin/../lib/gcc/avr/4.3.3/avr5\libgcc.a(_copy_data.o)
 .text          0x00000092        0x0 c:/winavr-20100110/bin/../lib/gcc/avr/4.3.3/avr5\libgcc.a(_clear_bss.o)
 .text          0x00000092        0x0 c:/winavr-20100110/bin/../lib/gcc/avr/4.3.3/../../../../avr/lib/avr5\libc.a(malloc.o)
 .text          0x00000092        0x0 c:/winavr-20100110/bin/../lib/gcc/avr/4.3.3/../../../../avr/lib/avr5\libc.a(memcpy.o)
 .text          0x00000092        0x0 c:/winavr-20100110/bin/../lib/gcc/avr/4.3.3/../../../../avr/lib/avr5\libc.a(memset.o)
 .text          0x00000092        0x0 c:/winavr-20100110/bin/../lib/gcc/avr/4.3.3/../../../../avr/lib/avr5\libc.a(strncpy.o)
                0x00000092                . = ALIGN (0x2)
 *(.text.*)
 .text.DIO_vidSetPortDirection
                0x00000092       0x28 ./DIO.o
                0x00000092                DIO_vidSetPortDirection
 .text.DIO_vidSetPortValue
                0x000000ba       0x24 ./DIO.o
                0x000000ba                DIO_vidSetPortValue
 .text.DIO_u8ReadPort
                0x000000de       0x28 ./DIO.o
                0x000000de                DIO_u8ReadPort
 .text.DIO_vidSetPinValue
                0x00000106       0xc0 ./DIO.o
                0x00000106                DIO_vidSetPinValue
 .text.DIO_vidSetPinDirection
                0x000001c6       0xfa ./DIO.o
                0x000001c6                DIO_vidSetPinDirection
 .text.DIO_u8ReadPinValue
                0x000002c0       0x44 ./DIO.o
                0x000002c0                DIO_u8ReadPinValue
 .text.LCD_vidWriteCommand
                0x00000304       0x4c ./LCD.o
                0x00000304                LCD_vidWriteCommand
 .text.LCD_vidSetPosition
                0x00000350       0x1c ./LCD.o
                0x00000350                LCD_vidSetPosition
 .text.LCD_vidInit
                0x0000036c       0x5c ./LCD.o
                0x0000036c                LCD_vidInit
 .text.LCD_vidWriteChar
                0x000003c8       0x4c ./LCD.o
                0x000003c8                LCD_vidWriteChar
 .text.LCD_vidWriteNumber
                0x00000414       0xc6 ./LCD.o
                0x00000414                LCD_vidWriteNumber
 .text.LCD_vidWriteString
                0x000004da       0x26 ./LCD.o
                0x000004da                LCD_vidWriteString
 .text.task2_code
                0x00000500       0x30 ./RTOS_LAB1_ATMEGA32.o
                0x00000500                task2_code
 .text.task1_code
                0x00000530       0x32 ./RTOS_LAB1_ATMEGA32.o
                0x00000530                task1_code
 .text.main     0x00000562       0x6c ./RTOS_LAB1_ATMEGA32.o
                0x00000562                main
 .text.xCoRoutineRemoveFromEventList
                0x000005ce       0x4e ./croutine.o
                0x000005ce                xCoRoutineRemoveFromEventList
 .text.vCoRoutineSchedule
                0x0000061c      0x1c0 ./croutine.o
                0x0000061c                vCoRoutineSchedule
 .text.vCoRoutineAddToDelayedList
                0x000007dc       0x7a ./croutine.o
                0x000007dc                vCoRoutineAddToDelayedList
 .text.xCoRoutineCreate
                0x00000856       0xf4 ./croutine.o
                0x00000856                xCoRoutineCreate
 .text.vPortFree
                0x0000094a       0x1e ./heap_3.o
                0x0000094a                vPortFree
 .text.pvPortMalloc
                0x00000968       0x22 ./heap_3.o
                0x00000968                pvPortMalloc
 .text.enableTrigger
                0x0000098a       0x16 ./lcd_4bit.o
                0x0000098a                enableTrigger
 .text.lcd_sendCommand
                0x000009a0       0x34 ./lcd_4bit.o
                0x000009a0                lcd_sendCommand
 .text.lcd_init
                0x000009d4       0x22 ./lcd_4bit.o
                0x000009d4                lcd_init
 .text.lcd_displayChar
                0x000009f6       0x34 ./lcd_4bit.o
                0x000009f6                lcd_displayChar
 .text.lcd_gotoxy
                0x00000a2a       0x24 ./lcd_4bit.o
                0x00000a2a                lcd_gotoxy
 .text.lcd_clrScreen
                0x00000a4e        0x8 ./lcd_4bit.o
                0x00000a4e                lcd_clrScreen
 .text.lcd_dispString
                0x00000a56       0x1a ./lcd_4bit.o
                0x00000a56                lcd_dispString
 .text.lcd_disp_string_xy
                0x00000a70       0x1a ./lcd_4bit.o
                0x00000a70                lcd_disp_string_xy
 .text.vListInitialise
                0x00000a8a       0x20 ./list.o
                0x00000a8a                vListInitialise
 .text.vListInitialiseItem
                0x00000aaa        0x8 ./list.o
                0x00000aaa                vListInitialiseItem
 .text.vListInsertEnd
                0x00000ab2       0x52 ./list.o
                0x00000ab2                vListInsertEnd
 .text.vListInsert
                0x00000b04       0x6a ./list.o
                0x00000b04                vListInsert
 .text.vListRemove
                0x00000b6e       0x50 ./list.o
                0x00000b6e                vListRemove
 .text.pxPortInitialiseStack
                0x00000bbe       0x90 ./port.o
                0x00000bbe                pxPortInitialiseStack
 .text.xPortStartScheduler
                0x00000c4e       0x6a ./port.o
                0x00000c4e                xPortStartScheduler
 .text.vPortEndScheduler
                0x00000cb8        0x2 ./port.o
                0x00000cb8                vPortEndScheduler
 .text.vPortYieldFromTick
                0x00000cba       0xb6 ./port.o
                0x00000cba                vPortYieldFromTick
 .text.__vector_7
                0x00000d70        0x6 ./port.o
                0x00000d70                __vector_7
 .text.vPortYield
                0x00000d76       0xb2 ./port.o
                0x00000d76                vPortYield
 .text.uxQueueMessagesWaiting
                0x00000e28       0x10 ./queue.o
                0x00000e28                uxQueueMessagesWaiting
 .text.uxQueueMessagesWaitingFromISR
                0x00000e38        0x6 ./queue.o
                0x00000e38                uxQueueMessagesWaitingFromISR
 .text.xQueueIsQueueEmptyFromISR
                0x00000e3e       0x10 ./queue.o
                0x00000e3e                xQueueIsQueueEmptyFromISR
 .text.xQueueIsQueueFullFromISR
                0x00000e4e       0x12 ./queue.o
                0x00000e4e                xQueueIsQueueFullFromISR
 .text.vQueueDelete
                0x00000e60       0x1c ./queue.o
                0x00000e60                vQueueDelete
 .text.xQueueReceiveFromISR
                0x00000e7c       0x7e ./queue.o
                0x00000e7c                xQueueReceiveFromISR
 .text.prvUnlockQueue
                0x00000efa       0x80 ./queue.o
 .text.xQueueGenericReceive
                0x00000f7a      0x1ca ./queue.o
                0x00000f7a                xQueueGenericReceive
 .text.xQueueTakeMutexRecursive
                0x00001144       0x5a ./queue.o
                0x00001144                xQueueTakeMutexRecursive
 .text.prvCopyDataToQueue
                0x0000119e       0x98 ./queue.o
 .text.xQueueGenericSendFromISR
                0x00001236       0x50 ./queue.o
                0x00001236                xQueueGenericSendFromISR
 .text.xQueueGenericSend
                0x00001286      0x148 ./queue.o
                0x00001286                xQueueGenericSend
 .text.xQueueGiveMutexRecursive
                0x000013ce       0x46 ./queue.o
                0x000013ce                xQueueGiveMutexRecursive
 .text.xQueueCreateMutex
                0x00001414       0x58 ./queue.o
                0x00001414                xQueueCreateMutex
 .text.xQueueCreate
                0x0000146c       0xbe ./queue.o
                0x0000146c                xQueueCreate
 .text.vTaskSuspendAll
                0x0000152a        0xc ./tasks.o
                0x0000152a                vTaskSuspendAll
 .text.xTaskGetTickCount
                0x00001536       0x16 ./tasks.o
                0x00001536                xTaskGetTickCount
 .text.xTaskGetTickCountFromISR
                0x0000154c        0xc ./tasks.o
                0x0000154c                xTaskGetTickCountFromISR
 .text.uxTaskGetNumberOfTasks
                0x00001558        0x6 ./tasks.o
                0x00001558                uxTaskGetNumberOfTasks
 .text.vTaskSwitchContext
                0x0000155e       0x84 ./tasks.o
                0x0000155e                vTaskSwitchContext
 .text.vTaskSetTimeOutState
                0x000015e2       0x16 ./tasks.o
                0x000015e2                vTaskSetTimeOutState
 .text.xTaskCheckForTimeOut
                0x000015f8       0x74 ./tasks.o
                0x000015f8                xTaskCheckForTimeOut
 .text.vTaskMissedYield
                0x0000166c        0x8 ./tasks.o
                0x0000166c                vTaskMissedYield
 .text.xTaskGetCurrentTaskHandle
                0x00001674        0xc ./tasks.o
                0x00001674                xTaskGetCurrentTaskHandle
 .text.vTaskPriorityDisinherit
                0x00001680       0x5a ./tasks.o
                0x00001680                vTaskPriorityDisinherit
 .text.vTaskPriorityInherit
                0x000016da       0x94 ./tasks.o
                0x000016da                vTaskPriorityInherit
 .text.xTaskRemoveFromEventList
                0x0000176e       0x7e ./tasks.o
                0x0000176e                xTaskRemoveFromEventList
 .text.vTaskIncrementTick
                0x000017ec      0x148 ./tasks.o
                0x000017ec                vTaskIncrementTick
 .text.prvAddCurrentTaskToDelayedList
                0x00001934       0x6e ./tasks.o
 .text.vTaskPlaceOnEventList
                0x000019a2       0x3a ./tasks.o
                0x000019a2                vTaskPlaceOnEventList
 .text.xTaskResumeAll
                0x000019dc       0xf6 ./tasks.o
                0x000019dc                xTaskResumeAll
 .text.vTaskDelay
                0x00001ad2       0x4e ./tasks.o
                0x00001ad2                vTaskDelay
 .text.vTaskDelayUntil
                0x00001b20       0x78 ./tasks.o
                0x00001b20                vTaskDelayUntil
 .text.vTaskDelete
                0x00001b98       0x9a ./tasks.o
                0x00001b98                vTaskDelete
 .text.vTaskEndScheduler
                0x00001c32        0xc ./tasks.o
                0x00001c32                vTaskEndScheduler
 .text.prvIdleTask
                0x00001c3e       0x66 ./tasks.o
 .text.xTaskGenericCreate
                0x00001ca4      0x200 ./tasks.o
                0x00001ca4                xTaskGenericCreate
 .text.vTaskStartScheduler
                0x00001ea4       0x56 ./tasks.o
                0x00001ea4                vTaskStartScheduler
 .text.libgcc   0x00001efa       0x3e c:/winavr-20100110/bin/../lib/gcc/avr/4.3.3/avr5\libgcc.a(_mulsi3.o)
                0x00001efa                __mulsi3
 .text.libgcc   0x00001f38       0x44 c:/winavr-20100110/bin/../lib/gcc/avr/4.3.3/avr5\libgcc.a(_udivmodsi4.o)
                0x00001f38                __udivmodsi4
 .text.libgcc   0x00001f7c        0x0 c:/winavr-20100110/bin/../lib/gcc/avr/4.3.3/avr5\libgcc.a(_exit.o)
 .text.libgcc   0x00001f7c        0x0 c:/winavr-20100110/bin/../lib/gcc/avr/4.3.3/avr5\libgcc.a(_copy_data.o)
 .text.libgcc   0x00001f7c        0x0 c:/winavr-20100110/bin/../lib/gcc/avr/4.3.3/avr5\libgcc.a(_clear_bss.o)
 .text.avr-libc
                0x00001f7c      0x20a c:/winavr-20100110/bin/../lib/gcc/avr/4.3.3/../../../../avr/lib/avr5\libc.a(malloc.o)
                0x00001f7c                malloc
                0x000020d6                free
 .text.avr-libc
                0x00002186       0x12 c:/winavr-20100110/bin/../lib/gcc/avr/4.3.3/../../../../avr/lib/avr5\libc.a(memcpy.o)
                0x00002186                memcpy
 .text.avr-libc
                0x00002198        0xe c:/winavr-20100110/bin/../lib/gcc/avr/4.3.3/../../../../avr/lib/avr5\libc.a(memset.o)
                0x00002198                memset
 .text.avr-libc
                0x000021a6       0x1e c:/winavr-20100110/bin/../lib/gcc/avr/4.3.3/../../../../avr/lib/avr5\libc.a(strncpy.o)
                0x000021a6                strncpy
                0x000021c4                . = ALIGN (0x2)
 *(.fini9)
 .fini9         0x000021c4        0x0 c:/winavr-20100110/bin/../lib/gcc/avr/4.3.3/avr5\libgcc.a(_exit.o)
                0x000021c4                exit
                0x000021c4                _exit
 *(.fini9)
 *(.fini8)
 *(.fini8)
 *(.fini7)
 *(.fini7)
 *(.fini6)
 *(.fini6)
 *(.fini5)
 *(.fini5)
 *(.fini4)
 *(.fini4)
 *(.fini3)
 *(.fini3)
 *(.fini2)
 *(.fini2)
 *(.fini1)
 *(.fini1)
 *(.fini0)
 .fini0         0x000021c4        0x4 c:/winavr-20100110/bin/../lib/gcc/avr/4.3.3/avr5\libgcc.a(_exit.o)
 *(.fini0)
                0x000021c8                _etext = .

.data           0x00800060       0x1c load address 0x000021c8
                0x00800060                PROVIDE (__data_start, .)
 *(.data)
 .data          0x00800060        0x0 c:/winavr-20100110/bin/../lib/gcc/avr/4.3.3/../../../../avr/lib/avr5/crtm32.o
 .data          0x00800060        0x0 ./DIO.o
 .data          0x00800060        0x0 ./LCD.o
 .data          0x00800060        0xe ./RTOS_LAB1_ATMEGA32.o
 .data          0x0080006e        0x0 ./croutine.o
 .data          0x0080006e        0x0 ./heap_3.o
 .data          0x0080006e        0x0 ./lcd_4bit.o
 .data          0x0080006e        0x0 ./list.o
 .data          0x0080006e        0x0 ./port.o
 .data          0x0080006e        0x0 ./queue.o
 .data          0x0080006e        0x5 ./tasks.o
 .data          0x00800073        0x0 ./timers.o
 .data          0x00800073        0x0 c:/winavr-20100110/bin/../lib/gcc/avr/4.3.3/avr5\libgcc.a(_mulsi3.o)
 .data          0x00800073        0x0 c:/winavr-20100110/bin/../lib/gcc/avr/4.3.3/avr5\libgcc.a(_udivmodsi4.o)
 .data          0x00800073        0x0 c:/winavr-20100110/bin/../lib/gcc/avr/4.3.3/avr5\libgcc.a(_exit.o)
 .data          0x00800073        0x0 c:/winavr-20100110/bin/../lib/gcc/avr/4.3.3/avr5\libgcc.a(_copy_data.o)
 .data          0x00800073        0x0 c:/winavr-20100110/bin/../lib/gcc/avr/4.3.3/avr5\libgcc.a(_clear_bss.o)
 .data          0x00800073        0x6 c:/winavr-20100110/bin/../lib/gcc/avr/4.3.3/../../../../avr/lib/avr5\libc.a(malloc.o)
                0x00800075                __malloc_heap_start
                0x00800077                __malloc_heap_end
                0x00800073                __malloc_margin
 .data          0x00800079        0x0 c:/winavr-20100110/bin/../lib/gcc/avr/4.3.3/../../../../avr/lib/avr5\libc.a(memcpy.o)
 .data          0x00800079        0x0 c:/winavr-20100110/bin/../lib/gcc/avr/4.3.3/../../../../avr/lib/avr5\libc.a(memset.o)
 .data          0x00800079        0x0 c:/winavr-20100110/bin/../lib/gcc/avr/4.3.3/../../../../avr/lib/avr5\libc.a(strncpy.o)
 *(.data*)
 .data.xNextTaskUnblockTime
                0x00800079        0x2 ./tasks.o
 *(.rodata)
 *(.rodata*)
 *(.gnu.linkonce.d*)
                0x0080007c                . = ALIGN (0x2)
 *fill*         0x0080007b        0x1 00
                0x0080007c                _edata = .
                0x0080007c                PROVIDE (__data_end, .)

.bss            0x0080007c       0xa3
                0x0080007c                PROVIDE (__bss_start, .)
 *(.bss)
 .bss           0x0080007c        0x0 c:/winavr-20100110/bin/../lib/gcc/avr/4.3.3/../../../../avr/lib/avr5/crtm32.o
 .bss           0x0080007c        0x0 ./DIO.o
 .bss           0x0080007c        0x0 ./LCD.o
 .bss           0x0080007c        0x0 ./RTOS_LAB1_ATMEGA32.o
 .bss           0x0080007c        0x0 ./croutine.o
 .bss           0x0080007c        0x0 ./heap_3.o
 .bss           0x0080007c        0x0 ./lcd_4bit.o
 .bss           0x0080007c        0x0 ./list.o
 .bss           0x0080007c        0x0 ./port.o
 .bss           0x0080007c        0x0 ./queue.o
 .bss           0x0080007c        0x0 ./tasks.o
 .bss           0x0080007c        0x0 ./timers.o
 .bss           0x0080007c        0x0 c:/winavr-20100110/bin/../lib/gcc/avr/4.3.3/avr5\libgcc.a(_mulsi3.o)
 .bss           0x0080007c        0x0 c:/winavr-20100110/bin/../lib/gcc/avr/4.3.3/avr5\libgcc.a(_udivmodsi4.o)
 .bss           0x0080007c        0x0 c:/winavr-20100110/bin/../lib/gcc/avr/4.3.3/avr5\libgcc.a(_exit.o)
 .bss           0x0080007c        0x0 c:/winavr-20100110/bin/../lib/gcc/avr/4.3.3/avr5\libgcc.a(_copy_data.o)
 .bss           0x0080007c        0x0 c:/winavr-20100110/bin/../lib/gcc/avr/4.3.3/avr5\libgcc.a(_clear_bss.o)
 .bss           0x0080007c        0x0 c:/winavr-20100110/bin/../lib/gcc/avr/4.3.3/../../../../avr/lib/avr5\libc.a(malloc.o)
 .bss           0x0080007c        0x0 c:/winavr-20100110/bin/../lib/gcc/avr/4.3.3/../../../../avr/lib/avr5\libc.a(memcpy.o)
 .bss           0x0080007c        0x0 c:/winavr-20100110/bin/../lib/gcc/avr/4.3.3/../../../../avr/lib/avr5\libc.a(memset.o)
 .bss           0x0080007c        0x0 c:/winavr-20100110/bin/../lib/gcc/avr/4.3.3/../../../../avr/lib/avr5\libc.a(strncpy.o)
 *(.bss*)
 .bss.pxCurrentCoRoutine
                0x0080007c        0x2 ./croutine.o
                0x0080007c                pxCurrentCoRoutine
 .bss.uxTopCoRoutineReadyPriority
                0x0080007e        0x1 ./croutine.o
 .bss.xLastTickCount
                0x0080007f        0x2 ./croutine.o
 .bss.xPassedTicks
                0x00800081        0x2 ./croutine.o
 .bss.xCoRoutineTickCount
                0x00800083        0x2 ./croutine.o
 .bss.pxReadyCoRoutineLists
                0x00800085       0x12 ./croutine.o
 .bss.xDelayedCoRoutineList1
                0x00800097        0x9 ./croutine.o
 .bss.xDelayedCoRoutineList2
                0x008000a0        0x9 ./croutine.o
 .bss.pxDelayedCoRoutineList
                0x008000a9        0x2 ./croutine.o
 .bss.pxOverflowDelayedCoRoutineList
                0x008000ab        0x2 ./croutine.o
 .bss.xPendingReadyCoRoutineList
                0x008000ad        0x9 ./croutine.o
 .bss.pxCurrentTCB
                0x008000b6        0x2 ./tasks.o
                0x008000b6                pxCurrentTCB
 .bss.uxTopReadyPriority
                0x008000b8        0x1 ./tasks.o
 .bss.xMissedYield
                0x008000b9        0x1 ./tasks.o
 .bss.xNumOfOverflows
                0x008000ba        0x1 ./tasks.o
 .bss.xTickCount
                0x008000bb        0x2 ./tasks.o
 .bss.uxSchedulerSuspended
                0x008000bd        0x1 ./tasks.o
 .bss.uxMissedTicks
                0x008000be        0x1 ./tasks.o
 .bss.uxCurrentNumberOfTasks
                0x008000bf        0x1 ./tasks.o
 .bss.xSchedulerRunning
                0x008000c0        0x1 ./tasks.o
 .bss.uxTasksDeleted
                0x008000c1        0x1 ./tasks.o
 .bss.uxTaskNumber
                0x008000c2        0x1 ./tasks.o
 .bss.uxTopUsedPriority
                0x008000c3        0x1 ./tasks.o
 .bss.pxReadyTasksLists
                0x008000c4       0x2d ./tasks.o
 .bss.xDelayedTaskList1
                0x008000f1        0x9 ./tasks.o
 .bss.xDelayedTaskList2
                0x008000fa        0x9 ./tasks.o
 .bss.pxDelayedTaskList
                0x00800103        0x2 ./tasks.o
 .bss.pxOverflowDelayedTaskList
                0x00800105        0x2 ./tasks.o
 .bss.xPendingReadyList
                0x00800107        0x9 ./tasks.o
 .bss.xTasksWaitingTermination
                0x00800110        0x9 ./tasks.o
 *(COMMON)
 COMMON         0x00800119        0x2 ./RTOS_LAB1_ATMEGA32.o
                0x00800119                mutex1
 COMMON         0x0080011b        0x4 c:/winavr-20100110/bin/../lib/gcc/avr/4.3.3/../../../../avr/lib/avr5\libc.a(malloc.o)
                0x0080011b                __brkval
                0x0080011d                __flp
                0x0080011f                PROVIDE (__bss_end, .)
                0x000021c8                __data_load_start = LOADADDR (.data)
                0x000021e4                __data_load_end = (__data_load_start + SIZEOF (.data))

.noinit         0x0080011f        0x0
                0x0080011f                PROVIDE (__noinit_start, .)
 *(.noinit*)
                0x0080011f                PROVIDE (__noinit_end, .)
                0x0080011f                _end = .
                0x0080011f                PROVIDE (__heap_start, .)

.eeprom         0x00810000        0x0
 *(.eeprom*)
                0x00810000                __eeprom_end = .

.fuse
 *(.fuse)
 *(.lfuse)
 *(.hfuse)
 *(.efuse)

.lock
 *(.lock*)

.signature
 *(.signature*)

.stab
 *(.stab)

.stabstr
 *(.stabstr)

.stab.excl
 *(.stab.excl)

.stab.exclstr
 *(.stab.exclstr)

.stab.index
 *(.stab.index)

.stab.indexstr
 *(.stab.indexstr)

.comment
 *(.comment)

.debug
 *(.debug)

.line
 *(.line)

.debug_srcinfo
 *(.debug_srcinfo)

.debug_sfnames
 *(.debug_sfnames)

.debug_aranges
 *(.debug_aranges)

.debug_pubnames
 *(.debug_pubnames)

.debug_info
 *(.debug_info)
 *(.gnu.linkonce.wi.*)

.debug_abbrev
 *(.debug_abbrev)

.debug_line
 *(.debug_line)

.debug_frame
 *(.debug_frame)

.debug_str
 *(.debug_str)

.debug_loc
 *(.debug_loc)

.debug_macinfo
 *(.debug_macinfo)
OUTPUT(RTOS.elf elf32-avr)
LOAD linker stubs
